Microchip MPLAB XC8 Compiler V1.10 ()

Linker command line:

--edf=/Applications/microchip/xc8/v1.10/dat/en_msgs.txt -cs \
  -h+dist/UseXC8/debug/Framework.X.debug.sym -z -Q18F26J50 -ol.obj \
  -Mdist/UseXC8/debug/Framework.X.debug.map -E1 -ver=XC8 -ACODE=00h-0FFF7h \
  -ACONST=00h-0FFF7h -ASMALLCONST=0F00h-0FFFhx240,0FF00h-0FFF7h \
  -AMEDIUMCONST=0F00h-0FFF7h -ACOMRAM=01h-05Fh -AABS1=00h-0EBFh \
  -ABIGRAM=01h-0EBFh -ARAM=060h-0FFh,0100h-01FFhx13,0E00h-0EBFh \
  -ABANK0=060h-0FFh -ABANK1=0100h-01FFh -ABANK2=0200h-02FFh \
  -ABANK3=0300h-03FFh -ABANK4=0400h-04FFh -ABANK5=0500h-05FFh \
  -ABANK6=0600h-06FFh -ABANK7=0700h-07FFh -ABANK8=0800h-08FFh \
  -ABANK9=0900h-09FFh -ABANK10=0A00h-0AFFh -ABANK11=0B00h-0BFFh \
  -ABANK12=0C00h-0CFFh -ABANK13=0D00h-0DFFh -ABANK14=0E00h-0EBFh \
  -ASFR=0EC0h-0EFFh,0F00h-0F5Fh,0F60h-0FFFh \
  -preset_vec=00h,intcode=08h,intcodelo=018h,powerup,init,end_init \
  -pramtop=0F00h -psmallconst=SMALLCONST -pmediumconst=MEDIUMCONST \
  -pconst=CONST -AFARRAM=00h-00h -ACONFIG=0FFF8h-0FFFFh -pconfig=CONFIG \
  -pjflash_buffer=0F800h \
  -prdata=COMRAM,nvrram=COMRAM,nvbit=COMRAM,rbss=COMRAM,rbit=COMRAM \
  -pfarbss=FARRAM,fardata=FARRAM \
  -pintsave_regs=BIGRAM,bigbss=BIGRAM,bigdata=BIGRAM -pbss=RAM \
  -pidata=CODE,irdata=CODE,ibigdata=CODE,ifardata=CODE /tmp/cgtF7uWpU.obj \
  dist/UseXC8/debug/Framework.X.debug.obj 

Object code version is 3.10

Machine type is 18F26J50

Call graph: (short form)




                Name                               Link     Load   Length Selector   Space Scale
/tmp/cgtF7uWpU.obj
                end_init                             C2       C2        4        C       0
                reset_vec                             0        0        6        0       0
                config                             FFF8     FFF8        8     FFF8       0
dist/UseXC8/debug/Framework.X.debug.obj
                intcodelo                            18       18       AA        C       0
                intcode                               8        8       10        4       0
                text50                             1B24     1B24       56        C       0
                text49                             1D16     1D16       38        C       0
                text48                              D36      D36      140        C       0
                text47                             108E     108E      106        C       0
                text46                             1EE8     1EE8       14        C       0
                text45                             1A18     1A18       5E        C       0
                text44                             1F32     1F32       12        C       0
                text43                             1274     1274       DA        C       0
                text42                             1F56     1F56        6        C       0
                text41                             1DAE     1DAE       30        C       0
                text40                             1E0A     1E0A       2C        C       0
                text39                             161E     161E       9A        C       0
                text38                             134E     134E       C8        C       0
                text37                               C6       C6      7C4        C       0
                intcode_body                       1750     1750       8A        C       0
                text35                             1C18     1C18       48        C       0
                text34                             14CC     14CC       B2        C       0
                text33                             1F20     1F20       12        C       0
                text32                             1F0E     1F0E       12        C       0
                text31                             1CDE     1CDE       38        C       0
                text30                             1E82     1E82       24        C       0
                text29                             1416     1416       B6        C       0
                text28                             1B7A     1B7A       50        C       0
                text26                             157E     157E       A0        C       0
                text25                             1ED4     1ED4       14        C       0
                text24                             1CA6     1CA6       38        C       0
                text23                             1ACE     1ACE       56        C       0
                text22                              F88      F88      106        C       0
                text21                             1DDE     1DDE       2C        C       0
                text20                              BF6      BF6      140        C       0
                text19                             1860     1860       86        C       0
                text18                             1BCA     1BCA       4E        C       0
                text17                             17DA     17DA       86        C       0
                text16                             1D7E     1D7E       30        C       0
                text15                              E76      E76      112        C       0
                text14                             1F44     1F44        A        C       0
                text13                             1D4E     1D4E       30        C       0
                text12                             1EC0     1EC0       14        C       0
                text11                             19BA     19BA       5E        C       0
                text10                             1A76     1A76       58        C       0
                text9                              1194     1194       E0        C       0
                text8                              16B8     16B8       98        C       0
                text7                              1E5E     1E5E       24        C       0
                text6                              1C60     1C60       46        C       0
                text5                              18E6     18E6       72        C       0
                text4                              1EFC     1EFC       12        C       0
                text3                              1958     1958       62        C       0
                text2                              1EA6     1EA6       1A        C       0
                text1                              1F4E     1F4E        8        C       0
                text0                               88A      88A      36C        C       0
                cstackCOMRAM                          1        1       2F        1       1
                cstackBANK0                          97       97       34       60       1
                cstackBANK1                         1A2      1A2       5B      100       1
                bssBANK1                            100      100       A2      100       1
                bssBANK0                             60       60       37       60       1
                bssCOMRAM                            30       30        5        1       1
                cinit                              1E36     1E36       28        C       0
                nvBANK0                              CB       CB        2       60       1
                nvCOMRAM                             35       35        2        1       1

TOTAL           Name                               Link     Load   Length     Space
        CLASS   CODE           
                end_init                             C2       C2        4         0
                intcodelo                            18       18       AA         0
                intcode                               8        8       10         0
                reset_vec                             0        0        6         0
                text50                             1B24     1B24       56         0
                text49                             1D16     1D16       38         0
                text48                              D36      D36      140         0
                text47                             108E     108E      106         0
                text46                             1EE8     1EE8       14         0
                text45                             1A18     1A18       5E         0
                text44                             1F32     1F32       12         0
                text43                             1274     1274       DA         0
                text42                             1F56     1F56        6         0
                text41                             1DAE     1DAE       30         0
                text40                             1E0A     1E0A       2C         0
                text39                             161E     161E       9A         0
                text38                             134E     134E       C8         0
                text37                               C6       C6      7C4         0
                intcode_body                       1750     1750       8A         0
                text35                             1C18     1C18       48         0
                text34                             14CC     14CC       B2         0
                text33                             1F20     1F20       12         0
                text32                             1F0E     1F0E       12         0
                text31                             1CDE     1CDE       38         0
                text30                             1E82     1E82       24         0
                text29                             1416     1416       B6         0
                text28                             1B7A     1B7A       50         0
                text26                             157E     157E       A0         0
                text25                             1ED4     1ED4       14         0
                text24                             1CA6     1CA6       38         0
                text23                             1ACE     1ACE       56         0
                text22                              F88      F88      106         0
                text21                             1DDE     1DDE       2C         0
                text20                              BF6      BF6      140         0
                text19                             1860     1860       86         0
                text18                             1BCA     1BCA       4E         0
                text17                             17DA     17DA       86         0
                text16                             1D7E     1D7E       30         0
                text15                              E76      E76      112         0
                text14                             1F44     1F44        A         0
                text13                             1D4E     1D4E       30         0
                text12                             1EC0     1EC0       14         0
                text11                             19BA     19BA       5E         0
                text10                             1A76     1A76       58         0
                text9                              1194     1194       E0         0
                text8                              16B8     16B8       98         0
                text7                              1E5E     1E5E       24         0
                text6                              1C60     1C60       46         0
                text5                              18E6     18E6       72         0
                text4                              1EFC     1EFC       12         0
                text3                              1958     1958       62         0
                text2                              1EA6     1EA6       1A         0
                text1                              1F4E     1F4E        8         0
                text0                               88A      88A      36C         0
                cinit                              1E36     1E36       28         0

        CLASS   CONST          

        CLASS   SMALLCONST     

        CLASS   MEDIUMCONST    

        CLASS   COMRAM         
                cstackCOMRAM                          1        1       2F         1
                bssCOMRAM                            30       30        5         1
                nvCOMRAM                             35       35        2         1

        CLASS   ABS1           

        CLASS   BIGRAM         

        CLASS   RAM            

        CLASS   BANK0          
                cstackBANK0                          97       97       34         1
                bssBANK0                             60       60       37         1
                nvBANK0                              CB       CB        2         1

        CLASS   BANK1          
                cstackBANK1                         1A2      1A2       5B         1
                bssBANK1                            100      100       A2         1

        CLASS   BANK2          

        CLASS   BANK3          

        CLASS   BANK4          

        CLASS   BANK5          

        CLASS   BANK6          

        CLASS   BANK7          

        CLASS   BANK8          

        CLASS   BANK9          

        CLASS   BANK10         

        CLASS   BANK11         

        CLASS   BANK12         

        CLASS   BANK13         

        CLASS   BANK14         

        CLASS   SFR            

        CLASS   FARRAM         

        CLASS   CONFIG         
                config                             FFF8     FFF8        8         0

        CLASS   IDLOC          



SEGMENTS        Name                           Load    Length   Top    Selector   Space  Class

                reset_vec                      000000  000006  000006         0       0  CODE    
                cstackCOMRAM                   000001  000036  000037         1       1  COMRAM  
                intcode                        000008  000010  000018         4       0  CODE    
                intcodelo                      000018  001F44  001F5C         C       0  CODE    
                bssBANK0                       000060  00006D  0000CD        60       1  BANK0   
                bssBANK1                       000100  0000FD  0001FD       100       1  BANK1   
                config                         00FFF8  000008  010000      FFF8       0  CONFIG  


UNUSED ADDRESS RANGES

        Name                Unused          Largest block    Delta
        BANK0            000CD-000FF              33
        BANK1            001FD-001FF               3
        BANK10           00A00-00AFF             100
        BANK11           00B00-00BFF             100
        BANK12           00C00-00CFF             100
        BANK13           00D00-00DFF             100
        BANK14           00E00-00EBF              C0
        BANK2            00200-002FF             100
        BANK3            00300-003FF             100
        BANK4            00400-004FF             100
        BANK5            00500-005FF             100
        BANK6            00600-006FF             100
        BANK7            00700-007FF             100
        BANK8            00800-008FF             100
        BANK9            00900-009FF             100
        BIGRAM           00037-0005F              29
                         000CD-000FF              33
                         001FD-00EBF             CC3
        CODE             00006-00007               2
                         01F5C-0FFF7            E09C
        COMRAM           00037-0005F              29
        CONST            00006-00007               2
                         01F5C-0FFF7            E09C
        MEDIUMCONST      01F5C-0FFF7            E09C
        RAM              000CD-000FF              33
                         001FD-00EBF             100
        SFR              00EC0-00FFF              60
        SMALLCONST       01F5C-0FFF7             100

                                  Symbol Table

?_Delay1KTCYx                   cstackBANK0   000CA
?_FromMainHigh_recvmsg          cstackBANK0   000AF
?_FromMainHigh_sendmsg          cstackBANK1   001B7
?_Open1USART                    cstackBANK1   001A2
?_OpenTimer1                    cstackBANK1   001A2
?_ReadTimer1                    cstackCOMRAM  00001
?_ToMainHigh_recvmsg            cstackBANK1   001BA
?_ToMainHigh_sendmsg            cstackBANK0   000AD
?_ToMainLow_recvmsg             cstackBANK1   001BA
?_ToMainLow_sendmsg             cstackCOMRAM  00017
?_WriteTimer0                   cstackBANK0   00097
?_WriteTimer1                   cstackCOMRAM  00001
?___lwmod                       cstackBANK1   001A2
?_check_msg                     cstackBANK1   001A2
?_handle_start                  cstackBANK0   00097
?_i2c_configure_slave           cstackBANK0   000CA
?_in_high_int                   cstackBANK1   001A2
?_in_low_int                    cstackBANK1   001A4
?_in_main                       cstackBANK1   001A6
?_init_i2c                      cstackBANK1   001A2
?_init_queue                    cstackBANK1   001A2
?_init_timer1_lthread           cstackBANK1   001A2
?_init_uart_recv                cstackBANK1   001A2
?_memcpy                        cstackBANK1   001A2
?_recv_msg                      cstackBANK1   001AC
?_send_msg                      cstackBANK1   001AC
?_start_i2c_slave_reply         cstackBANK1   001A2
?_timer0_lthread                cstackBANK1   001A2
?_timer1_lthread                cstackBANK1   001BB
?_uart_lthread                  cstackBANK1   001A2
?i1_memcpy                      cstackCOMRAM  00001
?i1_send_msg                    cstackCOMRAM  0000B
?i2_check_msg                   cstackBANK0   00097
?i2_in_high_int                 cstackBANK0   00097
?i2_in_low_int                  cstackBANK0   00099
?i2_memcpy                      cstackBANK0   00097
?i2_recv_msg                    cstackBANK0   000A1
?i2_send_msg                    cstackBANK0   000A1
Delay1KTCYx@unit                cstackBANK0   000CA
FromMainHigh_recvmsg@data       cstackBANK0   000B2
FromMainHigh_recvmsg@maxlength  cstackBANK0   000AF
FromMainHigh_recvmsg@msgtype    cstackBANK0   000B0
FromMainHigh_sendmsg@data       cstackBANK1   001B9
FromMainHigh_sendmsg@length     cstackBANK1   001B7
FromMainHigh_sendmsg@msgtype    cstackBANK1   001B8
Open1USART@config               cstackBANK1   001A2
Open1USART@spbrg                cstackBANK1   001A3
OpenTimer1@config               cstackBANK1   001A2
OpenTimer1@config1              cstackBANK1   001A3
Read1USART@data                 cstackCOMRAM  00001
ReadTimer1@timer                cstackCOMRAM  00003
ToMainHigh_recvmsg@data         cstackBANK1   001BD
ToMainHigh_recvmsg@maxlength    cstackBANK1   001BA
ToMainHigh_recvmsg@msgtype      cstackBANK1   001BB
ToMainHigh_sendmsg@data         cstackBANK0   000AF
ToMainHigh_sendmsg@length       cstackBANK0   000AD
ToMainHigh_sendmsg@msgtype      cstackBANK0   000AE
ToMainLow_recvmsg@data          cstackBANK1   001BD
ToMainLow_recvmsg@maxlength     cstackBANK1   001BA
ToMainLow_recvmsg@msgtype       cstackBANK1   001BB
ToMainLow_sendmsg@data          cstackCOMRAM  00019
ToMainLow_sendmsg@length        cstackCOMRAM  00017
ToMainLow_sendmsg@msgtype       cstackCOMRAM  00018
WriteTimer0@timer               cstackBANK0   00099
WriteTimer0@timer0              cstackBANK0   00097
WriteTimer1@timer               cstackCOMRAM  00003
WriteTimer1@timer1              cstackCOMRAM  00001
_ABDEN                          (abs)         07BF0
_ABDEN1                         (abs)         07BF0
_ABDEN2                         (abs)         07BE0
_ABDOVF                         (abs)         07BF7
_ABDOVF1                        (abs)         07BF7
_ABDOVF2                        (abs)         07BE7
_ACKDT                          (abs)         07E2D
_ACKDT1                         (abs)         07E2D
_ACKDT2                         (abs)         07B8D
_ACKEN                          (abs)         07E2C
_ACKEN1                         (abs)         07E2C
_ACKEN2                         (abs)         07B8C
_ACKSTAT                        (abs)         07E2E
_ACKSTAT1                       (abs)         07E2E
_ACKSTAT2                       (abs)         07B8E
_ACQT0                          (abs)         07E0B
_ACQT1                          (abs)         07E0C
_ACQT2                          (abs)         07E0D
_ACTVIE                         (abs)         079B2
_ACTVIF                         (abs)         07B12
_ADCAL                          (abs)         07E0E
_ADCON0                         (abs)         00FC2
_ADCON0bits                     (abs)         00FC2
_ADCON1                         (abs)         00FC1
_ADCON1bits                     (abs)         00FC1
_ADCS0                          (abs)         07E08
_ADCS1                          (abs)         07E09
_ADCS2                          (abs)         07E0A
_ADDEN                          (abs)         07D63
_ADDEN1                         (abs)         07D63
_ADDEN2                         (abs)         07CE3
_ADDR0                          (abs)         079C0
_ADDR1                          (abs)         079C1
_ADDR2                          (abs)         079C2
_ADDR3                          (abs)         079C3
_ADDR4                          (abs)         079C4
_ADDR5                          (abs)         079C5
_ADDR6                          (abs)         079C6
_ADEN                           (abs)         07D63
_ADFM                           (abs)         07E0F
_ADIE                           (abs)         07CEE
_ADIF                           (abs)         07CF6
_ADIP                           (abs)         07CFE
_ADMSK1                         (abs)         07E29
_ADMSK11                        (abs)         07E29
_ADMSK12                        (abs)         07B89
_ADMSK2                         (abs)         07E2A
_ADMSK21                        (abs)         07E2A
_ADMSK22                        (abs)         07B8A
_ADMSK3                         (abs)         07E2B
_ADMSK31                        (abs)         07E2B
_ADMSK32                        (abs)         07B8B
_ADMSK4                         (abs)         07E2C
_ADMSK41                        (abs)         07E2C
_ADMSK42                        (abs)         07B8C
_ADMSK5                         (abs)         07E2D
_ADMSK51                        (abs)         07E2D
_ADMSK52                        (abs)         07B8D
_ADON                           (abs)         07E10
_ADRES                          (abs)         00FC3
_ADRESH                         (abs)         00FC4
_ADRESHbits                     (abs)         00FC4
_ADRESL                         (abs)         00FC3
_ADRESLbits                     (abs)         00FC3
_ALRMCFG                        (abs)         00F91
_ALRMCFGbits                    (abs)         00F91
_ALRMEN                         (abs)         07C8F
_ALRMPTR0                       (abs)         07C88
_ALRMPTR1                       (abs)         07C89
_ALRMRPT                        (abs)         00F90
_ALRMRPTbits                    (abs)         00F90
_ALRMVALH                       (abs)         00F8F
_ALRMVALHbits                   (abs)         00F8F
_ALRMVALL                       (abs)         00F8E
_ALRMVALLbits                   (abs)         00F8E
_AMASK0                         (abs)         07C8A
_AMASK1                         (abs)         07C8B
_AMASK2                         (abs)         07C8C
_AMASK3                         (abs)         07C8D
_AN0                            (abs)         07C00
_AN1                            (abs)         07C01
_AN10                           (abs)         07C09
_AN11                           (abs)         07C12
_AN12                           (abs)         07C08
_AN2                            (abs)         07C02
_AN3                            (abs)         07C03
_AN4                            (abs)         07C05
_AN8                            (abs)         07C0A
_AN9                            (abs)         07C0B
_ANCON0                         (abs)         00F48
_ANCON0bits                     (abs)         00F48
_ANCON1                         (abs)         00F49
_ANCON1bits                     (abs)         00F49
_ARPT0                          (abs)         07C80
_ARPT1                          (abs)         07C81
_ARPT2                          (abs)         07C82
_ARPT3                          (abs)         07C83
_ARPT4                          (abs)         07C84
_ARPT5                          (abs)         07C85
_ARPT6                          (abs)         07C86
_ARPT7                          (abs)         07C87
_BAUDCON                        (abs)         00F7E
_BAUDCON1                       (abs)         00F7E
_BAUDCON1bits                   (abs)         00F7E
_BAUDCON2                       (abs)         00F7C
_BAUDCON2bits                   (abs)         00F7C
_BAUDCONbits                    (abs)         00F7E
_BAUDCTL                        (abs)         00F7E
_BAUDCTLbits                    (abs)         00F7E
_BCL1IE                         (abs)         07D03
_BCL1IF                         (abs)         07D0B
_BCL1IP                         (abs)         07D13
_BCL2IE                         (abs)         07D1E
_BCL2IF                         (abs)         07D26
_BCL2IP                         (abs)         07D2E
_BCLIE                          (abs)         07D03
_BCLIF                          (abs)         07D0B
_BCLIP                          (abs)         07D13
_BF                             (abs)         07E38
_BF1                            (abs)         07E38
_BF2                            (abs)         07B98
_BGVST                          (abs)         07C2E
_BOR                            (abs)         07E80
_BRG16                          (abs)         07BF3
_BRG161                         (abs)         07BF3
_BRG162                         (abs)         07BE3
_BRGH                           (abs)         07D6A
_BRGH1                          (abs)         07D6A
_BRGH2                          (abs)         07D42
_BSR                            (abs)         00FE0
_BTOEE                          (abs)         079BC
_BTOEF                          (abs)         07B1C
_BTSEE                          (abs)         079BF
_BTSEF                          (abs)         07B1F
_C1CH0                          (abs)         07E90
_C1CH1                          (abs)         07E91
_C1INA                          (abs)         07C00
_C1INB                          (abs)         07C03
_C2INA                          (abs)         07C01
_C2INB                          (abs)         07C02
_CAL0                           (abs)         079F0
_CAL1                           (abs)         079F1
_CAL2                           (abs)         079F2
_CAL3                           (abs)         079F3
_CAL4                           (abs)         079F4
_CAL5                           (abs)         079F5
_CAL6                           (abs)         079F6
_CAL7                           (abs)         079F7
_CARRY                          (abs)         07EC0
_CCH0                           (abs)         07E90
_CCH01                          (abs)         07E90
_CCH02                          (abs)         07E88
_CCH1                           (abs)         07E91
_CCH11                          (abs)         07E91
_CCH12                          (abs)         07E89
_CCP1CON                        (abs)         00FBA
_CCP1CONbits                    (abs)         00FBA
_CCP1IE                         (abs)         07CEA
_CCP1IF                         (abs)         07CF2
_CCP1IP                         (abs)         07CFA
_CCP1M0                         (abs)         07DD0
_CCP1M1                         (abs)         07DD1
_CCP1M2                         (abs)         07DD2
_CCP1M3                         (abs)         07DD3
_CCP1X                          (abs)         07DD5
_CCP1Y                          (abs)         07DD4
_CCP2                           (abs)         07C11
_CCP2CON                        (abs)         00FB4
_CCP2CONbits                    (abs)         00FB4
_CCP2IE                         (abs)         07D00
_CCP2IF                         (abs)         07D08
_CCP2IP                         (abs)         07D10
_CCP2M0                         (abs)         07DA0
_CCP2M1                         (abs)         07DA1
_CCP2M2                         (abs)         07DA2
_CCP2M3                         (abs)         07DA3
_CCP2X                          (abs)         07DA5
_CCP2Y                          (abs)         07DA4
_CCP2_PA2                       (abs)         07C0B
_CCPR1                          (abs)         00FBB
_CCPR1H                         (abs)         00FBC
_CCPR1Hbits                     (abs)         00FBC
_CCPR1L                         (abs)         00FBB
_CCPR1Lbits                     (abs)         00FBB
_CCPR2                          (abs)         00FB5
_CCPR2H                         (abs)         00FB6
_CCPR2Hbits                     (abs)         00FB6
_CCPR2L                         (abs)         00FB5
_CCPR2Lbits                     (abs)         00FB5
_CHIME                          (abs)         07C8E
_CHS0                           (abs)         07E12
_CHS1                           (abs)         07E13
_CHS2                           (abs)         07E14
_CHS3                           (abs)         07E15
_CHSN3                          (abs)         07E0B
_CK1                            (abs)         07C16
_CKE                            (abs)         07E3E
_CKE1                           (abs)         07E3E
_CKE2                           (abs)         07B9E
_CKP                            (abs)         07E34
_CKP1                           (abs)         07E34
_CKP2                           (abs)         07B94
_CKTXP                          (abs)         07BF4
_CLKI                           (abs)         07C07
_CLKO                           (abs)         07C06
_CM                             (abs)         07E85
_CM1CON                         (abs)         00FD2
_CM1CON1                        (abs)         00FD2
_CM1CON1bits                    (abs)         00FD2
_CM1CONbits                     (abs)         00FD2
_CM1IE                          (abs)         07D05
_CM1IF                          (abs)         07D0D
_CM1IP                          (abs)         07D15
_CM2CON                         (abs)         00FD1
_CM2CON1                        (abs)         00FD1
_CM2CON1bits                    (abs)         00FD1
_CM2CONbits                     (abs)         00FD1
_CM2IE                          (abs)         07D06
_CM2IF                          (abs)         07D0E
_CM2IP                          (abs)         07D16
_CMIE                           (abs)         07D06
_CMIF                           (abs)         07D0E
_CMIP                           (abs)         07D16
_CMPL0                          (abs)         07DFE
_CMPL02                         (abs)         07DCE
_CMPL1                          (abs)         07DFF
_CMPL12                         (abs)         07DCF
_CMSTAT                         (abs)         00F70
_CMSTATUS                       (abs)         00F70
_CMSTATUSbits                   (abs)         00F70
_CMSTATbits                     (abs)         00F70
_COE                            (abs)         07E96
_COE1                           (abs)         07E96
_COE2                           (abs)         07E8E
_CON                            (abs)         07E97
_CON1                           (abs)         07E97
_CON2                           (abs)         07E8F
_COUT1                          (abs)         07B80
_COUT2                          (abs)         07B81
_CPOL                           (abs)         07E95
_CPOL1                          (abs)         07E95
_CPOL2                          (abs)         07E8D
_CRC16EE                        (abs)         079BA
_CRC16EF                        (abs)         07B1A
_CRC5EE                         (abs)         079B9
_CRC5EF                         (abs)         07B19
_CREF                           (abs)         07E92
_CREF1                          (abs)         07E92
_CREF2                          (abs)         07E8A
_CREN                           (abs)         07D64
_CREN1                          (abs)         07D64
_CREN2                          (abs)         07CE4
_CSRC                           (abs)         07D6F
_CSRC1                          (abs)         07D6F
_CSRC2                          (abs)         07D47
_CTEDG1                         (abs)         07C0A
_CTEDG2                         (abs)         07C0B
_CTMUCONH                       (abs)         00FB3
_CTMUCONHbits                   (abs)         00FB3
_CTMUCONL                       (abs)         00FB2
_CTMUCONLbits                   (abs)         00FB2
_CTMUEN                         (abs)         07D9F
_CTMUICON                       (abs)         00FB1
_CTMUICONbits                   (abs)         00FB1
_CTMUIE                         (abs)         07D1A
_CTMUIF                         (abs)         07D22
_CTMUIP                         (abs)         07D2A
_CTMUSIDL                       (abs)         07D9D
_CTPLS                          (abs)         07C12
_CTTRIG                         (abs)         07D98
_CVR0                           (abs)         07A98
_CVR1                           (abs)         07A99
_CVR2                           (abs)         07A9A
_CVR3                           (abs)         07A9B
_CVRCON                         (abs)         00F53
_CVRCONbits                     (abs)         00F53
_CVREF_MINUS                    (abs)         07C02
_CVREN                          (abs)         07A9F
_CVROE                          (abs)         07A9E
_CVROEN                         (abs)         07A9E
_CVRR                           (abs)         07A9D
_CVRSS                          (abs)         07A9C
_CapStatus                      bssCOMRAM     00032
_D1                             (abs)         07E3D
_DA                             (abs)         07E3D
_DA1                            (abs)         07E3D
_DA2                            (abs)         07B9D
_DATA_ADDRESS                   (abs)         07E3D
_DATA_ADDRESS1                  (abs)         07E3D
_DATA_ADDRESS2                  (abs)         07B9D
_DC                             (abs)         07EC1
_DC1B0                          (abs)         07DD4
_DC1B1                          (abs)         07DD5
_DC2B0                          (abs)         07DA4
_DC2B1                          (abs)         07DA5
_DFN8EE                         (abs)         079BB
_DFN8EF                         (abs)         07B1B
_DIR                            (abs)         07B22
_DLYCYC0                        (abs)         07C34
_DLYCYC1                        (abs)         07C35
_DLYCYC2                        (abs)         07C36
_DLYCYC3                        (abs)         07C37
_DLYINTEN                       (abs)         07C41
_DMABCH                         (abs)         00F66
_DMABCHbits                     (abs)         00F66
_DMABCL                         (abs)         00F67
_DMABCLbits                     (abs)         00F67
_DMACON1                        (abs)         00F88
_DMACON1bits                    (abs)         00F88
_DMACON2                        (abs)         00F86
_DMACON2bits                    (abs)         00F86
_DMAEN                          (abs)         07C40
_DONE                           (abs)         07E11
_DS                             (abs)         07E03
_DSBOR                          (abs)         07A61
_DSCONH                         (abs)         00F4D
_DSCONHbits                     (abs)         00F4D
_DSCONL                         (abs)         00F4C
_DSCONLbits                     (abs)         00F4C
_DSEN                           (abs)         07A6F
_DSFLT                          (abs)         07A57
_DSGPR0                         (abs)         00F4E
_DSGPR0bits                     (abs)         00F4E
_DSGPR1                         (abs)         00F4F
_DSGPR1bits                     (abs)         00F4F
_DSINT0                         (abs)         07A58
_DSMCLR                         (abs)         07A52
_DSPOR                          (abs)         07A50
_DSRTC                          (abs)         07A53
_DSULP                          (abs)         07A55
_DSULPEN                        (abs)         07A69
_DSWAKEH                        (abs)         00F4B
_DSWAKEHbits                    (abs)         00F4B
_DSWAKEL                        (abs)         00F4A
_DSWAKELbits                    (abs)         00F4A
_DSWDT                          (abs)         07A54
_DT1                            (abs)         07C17
_DTRXP                          (abs)         07BF5
_DTRXP1                         (abs)         07BF5
_DTRXP2                         (abs)         07BE5
_DUPLEX0                        (abs)         07C42
_DUPLEX1                        (abs)         07C43
_D_A                            (abs)         07E3D
_D_A1                           (abs)         07E3A
_D_A2                           (abs)         07B9D
_D_MINUS                        (abs)         07C14
_D_NOT_A1                       (abs)         07E3D
_D_PLUS                         (abs)         07C15
_D_nA                           (abs)         07E3D
_D_nA1                          (abs)         07E3D
_D_nA2                          (abs)         07B9D
_Delay1KTCYx                    text25        01ED4
_ECCP1AS                        (abs)         00FBE
_ECCP1AS0                       (abs)         07DF4
_ECCP1AS1                       (abs)         07DF5
_ECCP1AS2                       (abs)         07DF6
_ECCP1ASE                       (abs)         07DF7
_ECCP1ASbits                    (abs)         00FBE
_ECCP1CON                       (abs)         00FBA
_ECCP1CONbits                   (abs)         00FBA
_ECCP1DEL                       (abs)         00FBD
_ECCP1DELbits                   (abs)         00FBD
_ECCP1OD                        (abs)         07A10
_ECCP2AS                        (abs)         00FB8
_ECCP2AS0                       (abs)         07DC4
_ECCP2AS1                       (abs)         07DC5
_ECCP2AS2                       (abs)         07DC6
_ECCP2ASE                       (abs)         07DC7
_ECCP2ASbits                    (abs)         00FB8
_ECCP2CON                       (abs)         00FB4
_ECCP2CONbits                   (abs)         00FB4
_ECCP2DEL                       (abs)         00FB7
_ECCP2DELbits                   (abs)         00FB7
_ECCP2OD                        (abs)         07A11
_EDG1POL                        (abs)         07D94
_EDG1SEL0                       (abs)         07D92
_EDG1SEL1                       (abs)         07D93
_EDG1STAT                       (abs)         07D90
_EDG2POL                        (abs)         07D97
_EDG2SEL0                       (abs)         07D95
_EDG2SEL1                       (abs)         07D96
_EDG2STAT                       (abs)         07D91
_EDGEN                          (abs)         07D9B
_EDGSEQEN                       (abs)         07D9A
_EECON1                         (abs)         00FA6
_EECON1bits                     (abs)         00FA6
_EECON2                         (abs)         00FA7
_EECON2bits                     (abs)         00FA7
_ENDP0                          (abs)         07B23
_ENDP1                          (abs)         07B24
_ENDP2                          (abs)         07B25
_ENDP3                          (abs)         07B26
_EP0CONDIS                      (abs)         07933
_EP0HSHK                        (abs)         07934
_EP0INEN                        (abs)         07931
_EP0OUTEN                       (abs)         07932
_EP0STALL                       (abs)         07930
_EP1CONDIS                      (abs)         0793B
_EP1HSHK                        (abs)         0793C
_EP1INEN                        (abs)         07939
_EP1OUTEN                       (abs)         0793A
_EP1STALL                       (abs)         07938
_EP2CONDIS                      (abs)         07943
_EP2HSHK                        (abs)         07944
_EP2INEN                        (abs)         07941
_EP2OUTEN                       (abs)         07942
_EP2STALL                       (abs)         07940
_EP3CONDIS                      (abs)         0794B
_EP3HSHK                        (abs)         0794C
_EP3INEN                        (abs)         07949
_EP3OUTEN                       (abs)         0794A
_EP3STALL                       (abs)         07948
_EP4CONDIS                      (abs)         07953
_EP4HSHK                        (abs)         07954
_EP4INEN                        (abs)         07951
_EP4OUTEN                       (abs)         07952
_EP4STALL                       (abs)         07950
_EP5CONDIS                      (abs)         0795B
_EP5HSHK                        (abs)         0795C
_EP5INEN                        (abs)         07959
_EP5OUTEN                       (abs)         0795A
_EP5STALL                       (abs)         07958
_EP6CONDIS                      (abs)         07963
_EP6HSHK                        (abs)         07964
_EP6INEN                        (abs)         07961
_EP6OUTEN                       (abs)         07962
_EP6STALL                       (abs)         07960
_EP7CONDIS                      (abs)         0796B
_EP7HSHK                        (abs)         0796C
_EP7INEN                        (abs)         07969
_EP7OUTEN                       (abs)         0796A
_EP7STALL                       (abs)         07968
_EPCONDIS                       (abs)         07933
_EPCONDIS0                      (abs)         07933
_EPCONDIS1                      (abs)         0793B
_EPCONDIS10                     (abs)         07983
_EPCONDIS11                     (abs)         0798B
_EPCONDIS12                     (abs)         07993
_EPCONDIS13                     (abs)         0799B
_EPCONDIS14                     (abs)         079A3
_EPCONDIS15                     (abs)         079AB
_EPCONDIS2                      (abs)         07943
_EPCONDIS3                      (abs)         0794B
_EPCONDIS4                      (abs)         07953
_EPCONDIS5                      (abs)         0795B
_EPCONDIS6                      (abs)         07963
_EPCONDIS7                      (abs)         0796B
_EPCONDIS8                      (abs)         07973
_EPCONDIS9                      (abs)         0797B
_EPHSHK                         (abs)         07934
_EPHSHK0                        (abs)         07934
_EPHSHK1                        (abs)         0793C
_EPHSHK10                       (abs)         07984
_EPHSHK11                       (abs)         0798C
_EPHSHK12                       (abs)         07994
_EPHSHK13                       (abs)         0799C
_EPHSHK14                       (abs)         079A4
_EPHSHK15                       (abs)         079AC
_EPHSHK2                        (abs)         07944
_EPHSHK3                        (abs)         0794C
_EPHSHK4                        (abs)         07954
_EPHSHK5                        (abs)         0795C
_EPHSHK6                        (abs)         07964
_EPHSHK7                        (abs)         0796C
_EPHSHK8                        (abs)         07974
_EPHSHK9                        (abs)         0797C
_EPINEN                         (abs)         07931
_EPINEN0                        (abs)         07931
_EPINEN1                        (abs)         07939
_EPINEN10                       (abs)         07981
_EPINEN11                       (abs)         07989
_EPINEN12                       (abs)         07991
_EPINEN13                       (abs)         07999
_EPINEN14                       (abs)         079A1
_EPINEN15                       (abs)         079A9
_EPINEN2                        (abs)         07941
_EPINEN3                        (abs)         07949
_EPINEN4                        (abs)         07951
_EPINEN5                        (abs)         07959
_EPINEN6                        (abs)         07961
_EPINEN7                        (abs)         07969
_EPINEN8                        (abs)         07971
_EPINEN9                        (abs)         07979
_EPOUTEN                        (abs)         07932
_EPOUTEN0                       (abs)         07932
_EPOUTEN1                       (abs)         0793A
_EPOUTEN10                      (abs)         07982
_EPOUTEN11                      (abs)         0798A
_EPOUTEN12                      (abs)         07992
_EPOUTEN13                      (abs)         0799A
_EPOUTEN14                      (abs)         079A2
_EPOUTEN15                      (abs)         079AA
_EPOUTEN2                       (abs)         07942
_EPOUTEN3                       (abs)         0794A
_EPOUTEN4                       (abs)         07952
_EPOUTEN5                       (abs)         0795A
_EPOUTEN6                       (abs)         07962
_EPOUTEN7                       (abs)         0796A
_EPOUTEN8                       (abs)         07972
_EPOUTEN9                       (abs)         0797A
_EPSTALL                        (abs)         07930
_EPSTALL0                       (abs)         07930
_EPSTALL1                       (abs)         07938
_EPSTALL10                      (abs)         07980
_EPSTALL11                      (abs)         07988
_EPSTALL12                      (abs)         07990
_EPSTALL13                      (abs)         07998
_EPSTALL14                      (abs)         079A0
_EPSTALL15                      (abs)         079A8
_EPSTALL2                       (abs)         07940
_EPSTALL3                       (abs)         07948
_EPSTALL4                       (abs)         07950
_EPSTALL5                       (abs)         07958
_EPSTALL6                       (abs)         07960
_EPSTALL7                       (abs)         07968
_EPSTALL8                       (abs)         07970
_EPSTALL9                       (abs)         07978
_EVPOL0                         (abs)         07E93
_EVPOL01                        (abs)         07E93
_EVPOL02                        (abs)         07E8B
_EVPOL1                         (abs)         07E94
_EVPOL11                        (abs)         07E94
_EVPOL12                        (abs)         07E8C
_FERR                           (abs)         07D62
_FERR1                          (abs)         07D62
_FERR2                          (abs)         07CE2
_FREE                           (abs)         07D34
_FRM0                           (abs)         07B00
_FRM1                           (abs)         07B01
_FRM10                          (abs)         07B0A
_FRM2                           (abs)         07B02
_FRM3                           (abs)         07B03
_FRM4                           (abs)         07B04
_FRM5                           (abs)         07B05
_FRM6                           (abs)         07B06
_FRM7                           (abs)         07B07
_FRM8                           (abs)         07B08
_FRM9                           (abs)         07B09
_FSEN                           (abs)         079CA
_FSR0                           (abs)         00FE9
_FSR0H                          (abs)         00FEA
_FSR0L                          (abs)         00FE9
_FSR0Lbits                      (abs)         00FE9
_FSR1                           (abs)         00FE1
_FSR1H                          (abs)         00FE2
_FSR1L                          (abs)         00FE1
_FSR1Lbits                      (abs)         00FE1
_FSR2                           (abs)         00FD9
_FSR2H                          (abs)         00FDA
_FSR2L                          (abs)         00FD9
_FSR2Lbits                      (abs)         00FD9
_FromMainHigh_MQ                bssBANK1      00100
_FromMainHigh_recvmsg           text41        01DAE
_FromMainHigh_sendmsg           text21        01DDE
_FromMainLow_MQ                 bssBANK1      00136
_GCEN                           (abs)         07E2F
_GCEN1                          (abs)         07E2F
_GCEN2                          (abs)         07B8F
_GIE                            (abs)         07F97
_GIEH                           (abs)         07F97
_GIEL                           (abs)         07F96
_GIE_GIEH                       (abs)         07F97
_GO                             (abs)         07E11
_GODONE                         (abs)         07E11
_GO_DONE                        (abs)         07E11
_GO_NOT_DONE                    (abs)         07E11
_GO_nDONE                       (abs)         07E11
_HALFSEC                        (abs)         079FB
_HLVDCON                        (abs)         00F85
_HLVDCONbits                    (abs)         00F85
_HLVDEN                         (abs)         07C2C
_HLVDIN                         (abs)         07C05
_HLVDL0                         (abs)         07C28
_HLVDL1                         (abs)         07C29
_HLVDL2                         (abs)         07C2A
_HLVDL3                         (abs)         07C2B
_I2C_DAT                        (abs)         07E3D
_I2C_DAT1                       (abs)         07E3D
_I2C_DAT2                       (abs)         07B9D
_I2C_READ                       (abs)         07E3A
_I2C_READ1                      (abs)         07E3A
_I2C_READ2                      (abs)         07B9A
_I2C_START                      (abs)         07E3B
_I2C_START1                     (abs)         07E3B
_I2C_START2                     (abs)         07B9B
_I2C_STOP                       (abs)         07E3C
_I2C_STOP1                      (abs)         07E3C
_I2C_STOP2                      (abs)         07B9C
_IDISSEN                        (abs)         07D99
_IDLEIE                         (abs)         079B4
_IDLEIF                         (abs)         07B14
_IDLEN                          (abs)         07E9F
_INDF0                          (abs)         00FEF
_INDF0bits                      (abs)         00FEF
_INDF1                          (abs)         00FE7
_INDF1bits                      (abs)         00FE7
_INDF2                          (abs)         00FDF
_INDF2bits                      (abs)         00FDF
_INT0                           (abs)         07C08
_INT0E                          (abs)         07F94
_INT0F                          (abs)         07F91
_INT0IE                         (abs)         07F94
_INT0IF                         (abs)         07F91
_INT1E                          (abs)         07F83
_INT1F                          (abs)         07F80
_INT1IE                         (abs)         07F83
_INT1IF                         (abs)         07F80
_INT1IP                         (abs)         07F86
_INT1P                          (abs)         07F86
_INT2E                          (abs)         07F84
_INT2F                          (abs)         07F81
_INT2IE                         (abs)         07F84
_INT2IF                         (abs)         07F81
_INT2IP                         (abs)         07F87
_INT2P                          (abs)         07F87
_INT3E                          (abs)         07F85
_INT3F                          (abs)         07F82
_INT3IE                         (abs)         07F85
_INT3IF                         (abs)         07F82
_INT3IP                         (abs)         07F89
_INT3P                          (abs)         07F89
_INTCON                         (abs)         00FF2
_INTCON2                        (abs)         00FF1
_INTCON2bits                    (abs)         00FF1
_INTCON3                        (abs)         00FF0
_INTCON3bits                    (abs)         00FF0
_INTCONbits                     (abs)         00FF2
_INTEDG0                        (abs)         07F8E
_INTEDG1                        (abs)         07F8D
_INTEDG2                        (abs)         07F8C
_INTEDG3                        (abs)         07F8B
_INTLVL0                        (abs)         07C30
_INTLVL1                        (abs)         07C31
_INTLVL2                        (abs)         07C32
_INTLVL3                        (abs)         07C33
_INTSRC                         (abs)         07CDF
_IOLOCK                         (abs)         077F8
_IPEN                           (abs)         07E87
_IPR1                           (abs)         00F9F
_IPR1bits                       (abs)         00F9F
_IPR2                           (abs)         00FA2
_IPR2bits                       (abs)         00FA2
_IPR3                           (abs)         00FA5
_IPR3bits                       (abs)         00FA5
_IRCF0                          (abs)         07E9C
_IRCF1                          (abs)         07E9D
_IRCF2                          (abs)         07E9E
_IRNG0                          (abs)         07D88
_IRNG1                          (abs)         07D89
_IRVST                          (abs)         07C2D
_ITRIM0                         (abs)         07D8A
_ITRIM1                         (abs)         07D8B
_ITRIM2                         (abs)         07D8C
_ITRIM3                         (abs)         07D8D
_ITRIM4                         (abs)         07D8E
_ITRIM5                         (abs)         07D8F
_InterruptHandlerHigh           intcode       00008
_InterruptHandlerLow            intcodelo     00018
_KBI0                           (abs)         07C0C
_KBI1                           (abs)         07C0D
_KBI2                           (abs)         07C0E
_KBI3                           (abs)         07C0F
_LA0                            (abs)         07C48
_LA1                            (abs)         07C49
_LA2                            (abs)         07C4A
_LA3                            (abs)         07C4B
_LA4                            (abs)         07C4C
_LA5                            (abs)         07C4D
_LA6                            (abs)         07C4E
_LA7                            (abs)         07C4F
_LATA                           (abs)         00F89
_LATA0                          (abs)         07C48
_LATA1                          (abs)         07C49
_LATA2                          (abs)         07C4A
_LATA3                          (abs)         07C4B
_LATA5                          (abs)         07C4D
_LATA6                          (abs)         07C4E
_LATA7                          (abs)         07C4F
_LATAbits                       (abs)         00F89
_LATB                           (abs)         00F8A
_LATB0                          (abs)         07C50
_LATB1                          (abs)         07C51
_LATB2                          (abs)         07C52
_LATB3                          (abs)         07C53
_LATB4                          (abs)         07C54
_LATB5                          (abs)         07C55
_LATB6                          (abs)         07C56
_LATB7                          (abs)         07C57
_LATBbits                       (abs)         00F8A
_LATC                           (abs)         00F8B
_LATC0                          (abs)         07C58
_LATC1                          (abs)         07C59
_LATC2                          (abs)         07C5A
_LATC4                          (abs)         07C5C
_LATC5                          (abs)         07C5D
_LATC6                          (abs)         07C5E
_LATC7                          (abs)         07C5F
_LATCbits                       (abs)         00F8B
_LB0                            (abs)         07C50
_LB1                            (abs)         07C51
_LB2                            (abs)         07C52
_LB3                            (abs)         07C53
_LB4                            (abs)         07C54
_LB5                            (abs)         07C55
_LB6                            (abs)         07C56
_LB7                            (abs)         07C57
_LC0                            (abs)         07C58
_LC1                            (abs)         07C59
_LC2                            (abs)         07C5A
_LC3                            (abs)         07C5B
_LC4                            (abs)         07C5C
_LC5                            (abs)         07C5D
_LC6                            (abs)         07C5E
_LC7                            (abs)         07C5F
_LVDIE                          (abs)         07D02
_LVDIF                          (abs)         07D0A
_LVDIN                          (abs)         07C05
_LVDIP                          (abs)         07D12
_LVDSTAT                        (abs)         07E06
_MEMCON                         (abs)         00FCB
_MEMCONbits                     (abs)         00FCB
_MQ_Main_Willing_to_block       bssBANK0      00060
_MSK0                           (abs)         07E40
_MSK01                          (abs)         07E40
_MSK02                          (abs)         07BA0
_MSK1                           (abs)         07E41
_MSK11                          (abs)         07E41
_MSK12                          (abs)         07BA1
_MSK2                           (abs)         07E42
_MSK21                          (abs)         07E42
_MSK22                          (abs)         07BA2
_MSK3                           (abs)         07E43
_MSK31                          (abs)         07E43
_MSK32                          (abs)         07BA3
_MSK4                           (abs)         07E44
_MSK41                          (abs)         07E44
_MSK42                          (abs)         07BA4
_MSK5                           (abs)         07E45
_MSK51                          (abs)         07E45
_MSK52                          (abs)         07BA5
_MSK6                           (abs)         07E46
_MSK61                          (abs)         07E46
_MSK62                          (abs)         07BA6
_MSK7                           (abs)         07E47
_MSK71                          (abs)         07E47
_MSK72                          (abs)         07BA7
_NEGATIVE                       (abs)         07EC4
_NOT_A                          (abs)         07E3D
_NOT_A1                         (abs)         07E3D
_NOT_ADDRESS                    (abs)         07E3D
_NOT_ADDRESS1                   (abs)         07E3D
_NOT_BOR                        (abs)         07E80
_NOT_CM                         (abs)         07E85
_NOT_DONE                       (abs)         07E11
_NOT_PD                         (abs)         07E82
_NOT_POR                        (abs)         07E81
_NOT_RBPU                       (abs)         07F8F
_NOT_RC8                        (abs)         07D66
_NOT_RI                         (abs)         07E84
_NOT_SS1                        (abs)         07C05
_NOT_TO                         (abs)         07E83
_NOT_TX8                        (abs)         07D6E
_NOT_UOE                        (abs)         07C11
_NOT_W                          (abs)         07E3A
_NOT_W1                         (abs)         07E3A
_NOT_WRITE                      (abs)         07E3A
_NOT_WRITE1                     (abs)         07E3A
_ODCON1                         (abs)         00F42
_ODCON1bits                     (abs)         00F42
_ODCON2                         (abs)         00F41
_ODCON2bits                     (abs)         00F41
_ODCON3                         (abs)         00F40
_ODCON3bits                     (abs)         00F40
_OERR                           (abs)         07D61
_OERR1                          (abs)         07D61
_OERR2                          (abs)         07CE1
_OSC1                           (abs)         07C07
_OSC2                           (abs)         07C06
_OSCCON                         (abs)         00FD3
_OSCCONbits                     (abs)         00FD3
_OSCFIE                         (abs)         07D07
_OSCFIF                         (abs)         07D0F
_OSCFIP                         (abs)         07D17
_OSCTUNE                        (abs)         00F9B
_OSCTUNEbits                    (abs)         00F9B
_OSTS                           (abs)         07E9B
_OV                             (abs)         07EC3
_OVERFLOW                       (abs)         07EC3
_Open1USART                     text8         016B8
_OpenTimer1                     text6         01C60
_P1                             (abs)         07E3C
_P1DC0                          (abs)         07DE8
_P1DC1                          (abs)         07DE9
_P1DC2                          (abs)         07DEA
_P1DC3                          (abs)         07DEB
_P1DC4                          (abs)         07DEC
_P1DC5                          (abs)         07DED
_P1DC6                          (abs)         07DEE
_P1M0                           (abs)         07DD6
_P1M1                           (abs)         07DD7
_P1RSEN                         (abs)         07DEF
_P2                             (abs)         07B9C
_P2DC0                          (abs)         07DB8
_P2DC02                         (abs)         07DC8
_P2DC0CON                       (abs)         07DC8
_P2DC1                          (abs)         07DB9
_P2DC12                         (abs)         07DC9
_P2DC1CON                       (abs)         07DC9
_P2DC2                          (abs)         07DBA
_P2DC22                         (abs)         07DCA
_P2DC2CON                       (abs)         07DCA
_P2DC3                          (abs)         07DBB
_P2DC32                         (abs)         07DCB
_P2DC3CON                       (abs)         07DCB
_P2DC4                          (abs)         07DBC
_P2DC42                         (abs)         07DCC
_P2DC4CON                       (abs)         07DCC
_P2DC5                          (abs)         07DBD
_P2DC52                         (abs)         07DCD
_P2DC5CON                       (abs)         07DCD
_P2DC6                          (abs)         07DBE
_P2DC62                         (abs)         07DCE
_P2DC6CON                       (abs)         07DCE
_P2M0                           (abs)         07DA6
_P2M1                           (abs)         07DA7
_P2RSEN                         (abs)         07DBF
_PA1                            (abs)         07C12
_PA2                            (abs)         07C11
_PADCFG1                        (abs)         00F3C
_PADCFG1bits                    (abs)         00F3C
_PC                             (abs)         00FF9
_PCFG0                          (abs)         07A40
_PCFG1                          (abs)         07A41
_PCFG10                         (abs)         07A4A
_PCFG11                         (abs)         07A4B
_PCFG12                         (abs)         07A4C
_PCFG14                         (abs)         07A4E
_PCFG15                         (abs)         07A4F
_PCFG2                          (abs)         07A42
_PCFG3                          (abs)         07A43
_PCFG4                          (abs)         07A44
_PCFG8                          (abs)         07A48
_PCFG9                          (abs)         07A49
_PCL                            (abs)         00FF9
_PCLAT                          (abs)         00FF9
_PCLATH                         (abs)         00FFA
_PCLATHbits                     (abs)         00FFA
_PCLATU                         (abs)         00FFB
_PCLbits                        (abs)         00FF9
_PD                             (abs)         07E82
_PEIE                           (abs)         07F96
_PEIE_GIEL                      (abs)         07F96
_PEN                            (abs)         07E2A
_PEN1                           (abs)         07E2A
_PEN2                           (abs)         07B8A
_PGC                            (abs)         07C0E
_PGD                            (abs)         07C0F
_PIDEE                          (abs)         079B8
_PIDEF                          (abs)         07B18
_PIE1                           (abs)         00F9D
_PIE1bits                       (abs)         00F9D
_PIE2                           (abs)         00FA0
_PIE2bits                       (abs)         00FA0
_PIE3                           (abs)         00FA3
_PIE3bits                       (abs)         00FA3
_PIR1                           (abs)         00F9E
_PIR1bits                       (abs)         00F9E
_PIR2                           (abs)         00FA1
_PIR2bits                       (abs)         00FA1
_PIR3                           (abs)         00FA4
_PIR3bits                       (abs)         00FA4
_PKTDIS                         (abs)         07B2C
_PLLEN                          (abs)         07CDE
_PLUSW0                         (abs)         00FEB
_PLUSW0bits                     (abs)         00FEB
_PLUSW1                         (abs)         00FE3
_PLUSW1bits                     (abs)         00FE3
_PLUSW2                         (abs)         00FDB
_PLUSW2bits                     (abs)         00FDB
_PMPTTL                         (abs)         079E0
_POR                            (abs)         07E81
_PORTA                          (abs)         00F80
_PORTAbits                      (abs)         00F80
_PORTB                          (abs)         00F81
_PORTBbits                      (abs)         00F81
_PORTC                          (abs)         00F82
_PORTCbits                      (abs)         00F82
_POSTDEC0                       (abs)         00FED
_POSTDEC0bits                   (abs)         00FED
_POSTDEC1                       (abs)         00FE5
_POSTDEC1bits                   (abs)         00FE5
_POSTDEC2                       (abs)         00FDD
_POSTDEC2bits                   (abs)         00FDD
_POSTINC0                       (abs)         00FEE
_POSTINC0bits                   (abs)         00FEE
_POSTINC1                       (abs)         00FE6
_POSTINC1bits                   (abs)         00FE6
_POSTINC2                       (abs)         00FDE
_POSTINC2bits                   (abs)         00FDE
_PPB0                           (abs)         079C8
_PPB1                           (abs)         079C9
_PPBI                           (abs)         07B21
_PPBRST                         (abs)         07B2E
_PPSCON                         (abs)         00EFF
_PPSCONbits                     (abs)         00EFF
_PR2                            (abs)         00FCB
_PR2bits                        (abs)         00FCB
_PR4                            (abs)         00F77
_PR4bits                        (abs)         00F77
_PREINC0                        (abs)         00FEC
_PREINC0bits                    (abs)         00FEC
_PREINC1                        (abs)         00FE4
_PREINC1bits                    (abs)         00FE4
_PREINC2                        (abs)         00FDC
_PREINC2bits                    (abs)         00FDC
_PROD                           (abs)         00FF3
_PRODH                          (abs)         00FF4
_PRODHbits                      (abs)         00FF4
_PRODL                          (abs)         00FF3
_PRODLbits                      (abs)         00FF3
_PSA                            (abs)         07EAB
_PSS1AC0                        (abs)         07DF2
_PSS1AC1                        (abs)         07DF3
_PSS1BD0                        (abs)         07DF0
_PSS1BD1                        (abs)         07DF1
_PSS2AC0                        (abs)         07DC2
_PSS2AC1                        (abs)         07DC3
_PSS2BD0                        (abs)         07DC0
_PSS2BD1                        (abs)         07DC1
_PSTR1CON                       (abs)         00FBF
_PSTR1CONbits                   (abs)         00FBF
_PSTR2CON                       (abs)         00FB9
_PSTR2CONbits                   (abs)         00FB9
_PWM1CON                        (abs)         00FBD
_PWM1CONbits                    (abs)         00FBD
_PWM2CON                        (abs)         00FB7
_PWM2CONbits                    (abs)         00FB7
_R1                             (abs)         07E3A
_RA0                            (abs)         07C00
_RA1                            (abs)         07C01
_RA2                            (abs)         07C02
_RA3                            (abs)         07C03
_RA4                            (abs)         07C04
_RA5                            (abs)         07C05
_RA6                            (abs)         07C06
_RA7                            (abs)         07C07
_RB0                            (abs)         07C08
_RB1                            (abs)         07C09
_RB2                            (abs)         07C0A
_RB3                            (abs)         07C0B
_RB4                            (abs)         07C0C
_RB5                            (abs)         07C0D
_RB6                            (abs)         07C0E
_RB7                            (abs)         07C0F
_RBIE                           (abs)         07F93
_RBIF                           (abs)         07F90
_RBIP                           (abs)         07F88
_RBPU                           (abs)         07F8F
_RC0                            (abs)         07C10
_RC1                            (abs)         07C11
_RC1IE                          (abs)         07CED
_RC1IF                          (abs)         07CF5
_RC1IP                          (abs)         07CFD
_RC2                            (abs)         07C12
_RC2IE                          (abs)         07D1D
_RC2IF                          (abs)         07D25
_RC2IP                          (abs)         07D2D
_RC3                            (abs)         07C13
_RC4                            (abs)         07C14
_RC5                            (abs)         07C15
_RC6                            (abs)         07C16
_RC7                            (abs)         07C17
_RC8_9                          (abs)         07D66
_RC8_92                         (abs)         07CE6
_RC9                            (abs)         07D66
_RC92                           (abs)         07CE6
_RCD8                           (abs)         07D60
_RCD82                          (abs)         07CE0
_RCEN                           (abs)         07E2B
_RCEN1                          (abs)         07E2B
_RCEN2                          (abs)         07B8B
_RCIDL                          (abs)         07BF6
_RCIDL1                         (abs)         07BF6
_RCIDL2                         (abs)         07BE6
_RCIE                           (abs)         07CED
_RCIF                           (abs)         07CF5
_RCIP                           (abs)         07CFD
_RCMT                           (abs)         07BF6
_RCMT1                          (abs)         07BF6
_RCMT2                          (abs)         07BE6
_RCON                           (abs)         00FD0
_RCONbits                       (abs)         00FD0
_RCREG                          (abs)         00FAF
_RCREG1                         (abs)         00FAF
_RCREG1bits                     (abs)         00FAF
_RCREG2                         (abs)         00FAA
_RCREG2bits                     (abs)         00FAA
_RCREGbits                      (abs)         00FAF
_RCSTA                          (abs)         00FAC
_RCSTA1                         (abs)         00FAC
_RCSTA1bits                     (abs)         00FAC
_RCSTA2                         (abs)         00F9C
_RCSTA2bits                     (abs)         00F9C
_RCSTAbits                      (abs)         00FAC
_RCV                            (abs)         07C05
_RD16                           (abs)         07E69
_RD161                          (abs)         07E69
_RD163                          (abs)         07BCF
_READ_WRITE                     (abs)         07E3A
_READ_WRITE1                    (abs)         07E3A
_READ_WRITE2                    (abs)         07B9A
_REFO                           (abs)         07C0A
_REFOCON                        (abs)         00F3D
_REFOCONbits                    (abs)         00F3D
_REGSLP                         (abs)         07E07
_RELEASE                        (abs)         07A60
_RESUME                         (abs)         07B2A
_RI                             (abs)         07E84
_RJPU                           (abs)         07C07
_RODIV0                         (abs)         079E8
_RODIV1                         (abs)         079E9
_RODIV2                         (abs)         079EA
_RODIV3                         (abs)         079EB
_ROON                           (abs)         079EF
_ROSEL                          (abs)         079EC
_ROSSLP                         (abs)         079ED
_RP0                            (abs)         07C00
_RP1                            (abs)         07C01
_RP10                           (abs)         07C0F
_RP11                           (abs)         07C10
_RP12                           (abs)         07C11
_RP13                           (abs)         07C12
_RP17                           (abs)         07C16
_RP18                           (abs)         07C17
_RP2                            (abs)         07C05
_RP3                            (abs)         07C08
_RP4                            (abs)         07C09
_RP5                            (abs)         07C0A
_RP6                            (abs)         07C0B
_RP7                            (abs)         07C0C
_RP8                            (abs)         07C0D
_RP9                            (abs)         07C0E
_RPINR1                         (abs)         00EE7
_RPINR12                        (abs)         00EF2
_RPINR13                        (abs)         00EF3
_RPINR16                        (abs)         00EF6
_RPINR17                        (abs)         00EF7
_RPINR2                         (abs)         00EE8
_RPINR21                        (abs)         00EFB
_RPINR22                        (abs)         00EFC
_RPINR23                        (abs)         00EFD
_RPINR24                        (abs)         00EFE
_RPINR3                         (abs)         00EE9
_RPINR4                         (abs)         00EEA
_RPINR6                         (abs)         00EEC
_RPINR7                         (abs)         00EED
_RPINR8                         (abs)         00EEE
_RPOR0                          (abs)         00EC6
_RPOR1                          (abs)         00EC7
_RPOR10                         (abs)         00ED0
_RPOR11                         (abs)         00ED1
_RPOR12                         (abs)         00ED2
_RPOR13                         (abs)         00ED3
_RPOR17                         (abs)         00ED7
_RPOR18                         (abs)         00ED8
_RPOR2                          (abs)         00EC8
_RPOR3                          (abs)         00EC9
_RPOR4                          (abs)         00ECA
_RPOR5                          (abs)         00ECB
_RPOR6                          (abs)         00ECC
_RPOR7                          (abs)         00ECD
_RPOR8                          (abs)         00ECE
_RPOR9                          (abs)         00ECF
_RSEN                           (abs)         07E29
_RSEN1                          (abs)         07E29
_RSEN2                          (abs)         07B89
_RTCC                           (abs)         07C09
_RTCCAL                         (abs)         00F3E
_RTCCALbits                     (abs)         00F3E
_RTCCFG                         (abs)         00F3F
_RTCCFGbits                     (abs)         00F3F
_RTCCIE                         (abs)         07D18
_RTCCIF                         (abs)         07D20
_RTCCIP                         (abs)         07D28
_RTCEN                          (abs)         079FF
_RTCOE                          (abs)         079FA
_RTCPTR0                        (abs)         079F8
_RTCPTR1                        (abs)         079F9
_RTCSYNC                        (abs)         079FC
_RTCVALH                        (abs)         00F99
_RTCVALHbits                    (abs)         00F99
_RTCVALL                        (abs)         00F98
_RTCVALLbits                    (abs)         00F98
_RTCWDIS                        (abs)         07A68
_RTCWREN                        (abs)         079FD
_RTSECSEL0                      (abs)         079E1
_RTSECSEL1                      (abs)         079E2
_RW                             (abs)         07E3A
_RW1                            (abs)         07E3A
_RW2                            (abs)         07B9A
_RX1                            (abs)         07C17
_RX9                            (abs)         07D66
_RX91                           (abs)         07D66
_RX92                           (abs)         07CE6
_RX9D                           (abs)         07D60
_RX9D1                          (abs)         07D60
_RX9D2                          (abs)         07CE0
_RXADDRH                        (abs)         00F68
_RXADDRHbits                    (abs)         00F68
_RXADDRL                        (abs)         00F69
_RXADDRLbits                    (abs)         00F69
_RXB0IE                         (abs)         07D18
_RXB1IE                         (abs)         07D19
_RXBNIE                         (abs)         07D19
_RXBNIF                         (abs)         07D21
_RXBNIP                         (abs)         07D29
_RXCKP                          (abs)         07BF5
_RXDTP                          (abs)         07BF5
_RXDTP1                         (abs)         07BF5
_RXDTP2                         (abs)         07BE5
_RXINC                          (abs)         07C44
_R_NOT_W1                       (abs)         07E3A
_R_W                            (abs)         07E3A
_R_W1                           (abs)         07E3D
_R_W2                           (abs)         07B9A
_R_nW                           (abs)         07E3A
_R_nW1                          (abs)         07E3A
_R_nW2                          (abs)         07B9A
_Read1USART                     text31        01CDE
_ReadTimer1                     text32        01F0E
_S1                             (abs)         07E3B
_S2                             (abs)         07B9B
_SCK1                           (abs)         07C0C
_SCKP                           (abs)         07BF4
_SCKP1                          (abs)         07BF4
_SCKP2                          (abs)         07BE4
_SCL1                           (abs)         07C0C
_SCS0                           (abs)         07E98
_SCS1                           (abs)         07E99
_SDA1                           (abs)         07C0D
_SDI1                           (abs)         07C0D
_SDO1                           (abs)         07C17
_SE0                            (abs)         07B2D
_SEN                            (abs)         07E28
_SEN1                           (abs)         07E28
_SEN2                           (abs)         07B88
_SENDB                          (abs)         07D6B
_SENDB1                         (abs)         07D6B
_SENDB2                         (abs)         07D43
_SMP                            (abs)         07E3F
_SMP1                           (abs)         07E3F
_SMP2                           (abs)         07B9F
_SOFIE                          (abs)         079B6
_SOFIF                          (abs)         07B16
_SOSCEN                         (abs)         07E6B
_SP0                            (abs)         07FE0
_SP1                            (abs)         07FE1
_SP2                            (abs)         07FE2
_SP3                            (abs)         07FE3
_SP4                            (abs)         07FE4
[...]
 This function calls:
		i2_send_msg
 This function is called by:
		_i2c_int_handler
		_timer0_int_handler
 This function uses a non-reentrant model


 *************** function _FromMainHigh_recvmsg *****************
 Defined at:
		line 183 in file "../src/messages.c"
 Parameters:    Size  Location     Type
  maxlength       1   24[BANK0 ] unsigned char 
  msgtype         2   25[BANK0 ] PTR unsigned char 
		 -> timer0_int_handler@msgtype(2), 
  data            2   27[BANK0 ] PTR void 
		 -> timer0_int_handler@val(2), 
 Auto vars:     Size  Location     Type
		None
 Return value:  Size  Location     Type
                  1    wreg      char 
 Registers used:
		wreg, fsr1l, fsr1h, fsr2l, fsr2h, status,2, status,0, prodl, prodh, cstack
 Tracked objects:
		On entry : 
		On exit  : 
		Unchanged: 
 Data sizes:     COMRAM   BANK0   BANK1   BANK2   BANK3   BANK4   BANK5   BANK6   BANK7   BANK8   BANK9  BANK10  BANK11  BANK12  BANK13  BANK14
      Params:         0       5       0       0       0       0       0       0       0       0       0       0       0       0       0       0
      Locals:         0       0       0       0       0       0       0       0       0       0       0       0       0       0       0       0
      Temps:          0       0       0       0       0       0       0       0       0       0       0       0       0       0       0       0
      Totals:         0       5       0       0       0       0       0       0       0       0       0       0       0       0       0       0
Total ram usage:        5 bytes
 Hardware stack levels used:    1
 Hardware stack levels required when called:    2
 This function calls:
		i2_recv_msg
 This function is called by:
		_timer0_int_handler
 This function uses a non-reentrant model


 *************** function _enter_sleep_mode *****************
 Defined at:
		line 202 in file "../src/messages.c"
 Parameters:    Size  Location     Type
		None
 Auto vars:     Size  Location     Type
		None
 Return value:  Size  Location     Type
		None               void
 Registers used:
		None
 Tracked objects:
		On entry : 
		On exit  : 
		Unchanged: 
 Data sizes:     COMRAM   BANK0   BANK1   BANK2   BANK3   BANK4   BANK5   BANK6   BANK7   BANK8   BANK9  BANK10  BANK11  BANK12  BANK13  BANK14
      Params:         0       0       0       0       0       0       0       0       0       0       0       0       0       0       0       0
      Locals:         0       0       0       0       0       0       0       0       0       0       0       0       0       0       0       0
      Temps:          0       0       0       0       0       0       0       0       0       0       0       0       0       0       0       0
      Totals:         0       0       0       0       0       0       0       0       0       0       0       0       0       0       0       0
Total ram usage:        0 bytes
 Hardware stack levels used:    1
 This function calls:
		Nothing
 This function is called by:
		_SleepIfOkay
 This function uses a non-reentrant model


 *************** function _handle_start *****************
 Defined at:
		line 71 in file "../src/my_i2c.c"
 Parameters:    Size  Location     Type
  data_read       1    0[BANK0 ] unsigned char 
 Auto vars:     Size  Location     Type
		None
 Return value:  Size  Location     Type
		None               void
 Registers used:
		wreg, fsr2l, fsr2h, status,2, status,0
 Tracked objects:
		On entry : 
		On exit  : 
		Unchanged: 
 Data sizes:     COMRAM   BANK0   BANK1   BANK2   BANK3   BANK4   BANK5   BANK6   BANK7   BANK8   BANK9  BANK10  BANK11  BANK12  BANK13  BANK14
      Params:         0       1       0       0       0       0       0       0       0       0       0       0       0       0       0       0
      Locals:         0       0       0       0       0       0       0       0       0       0       0       0       0       0       0       0
      Temps:          0       0       0       0       0       0       0       0       0       0       0       0       0       0       0       0
      Totals:         0       1       0       0       0       0       0       0       0       0       0       0       0       0       0       0
Total ram usage:        1 bytes
 Hardware stack levels used:    1
 This function calls:
		Nothing
 This function is called by:
		_i2c_int_handler
 This function uses a non-reentrant model


 *************** function _WriteTimer0 *****************
 Defined at:
		line 17 in file "plib/Timers/t0write.c"
 Parameters:    Size  Location     Type
  timer0          2    0[BANK0 ] unsigned int 
 Auto vars:     Size  Location     Type
  timer           2    2[BANK0 ] struct Timers
 Return value:  Size  Location     Type
		None               void
 Registers used:
		None
 Tracked objects:
		On entry : 
		On exit  : 
		Unchanged: 
 Data sizes:     COMRAM   BANK0   BANK1   BANK2   BANK3   BANK4   BANK5   BANK6   BANK7   BANK8   BANK9  BANK10  BANK11  BANK12  BANK13  BANK14
      Params:         0       2       0       0       0       0       0       0       0       0       0       0       0       0       0       0
      Locals:         0       2       0       0       0       0       0       0       0       0       0       0       0       0       0       0
      Temps:          0       0       0       0       0       0       0       0       0       0       0       0       0       0       0       0
      Totals:         0       4       0       0       0       0       0       0       0       0       0       0       0       0       0       0
Total ram usage:        4 bytes
 Hardware stack levels used:    1
 This function calls:
		Nothing
 This function is called by:
		_timer0_int_handler
 This function uses a non-reentrant model


 *************** function i2_in_low_int *****************
 Defined at:
		line 30 in file "../src/interrupts.c"
 Parameters:    Size  Location     Type
		None
 Auto vars:     Size  Location     Type
		None
 Return value:  Size  Location     Type
                  2    2[BANK0 ] int 
 Registers used:
		wreg, status,2, status,0, cstack
 Tracked objects:
		On entry : 
		On exit  : 
		Unchanged: 
 Data sizes:     COMRAM   BANK0   BANK1   BANK2   BANK3   BANK4   BANK5   BANK6   BANK7   BANK8   BANK9  BANK10  BANK11  BANK12  BANK13  BANK14
      Params:         0       2       0       0       0       0       0       0       0       0       0       0       0       0       0       0
      Locals:         0       0       0       0       0       0       0       0       0       0       0       0       0       0       0       0
      Temps:          0       0       0       0       0       0       0       0       0       0       0       0       0       0       0       0
      Totals:         0       2       0       0       0       0       0       0       0       0       0       0       0       0       0       0
Total ram usage:        2 bytes
 Hardware stack levels used:    1
 Hardware stack levels required when called:    1
 This function calls:
		i2_in_high_int
 This function is called by:
		_SleepIfOkay
 This function uses a non-reentrant model


 *************** function i2_in_high_int *****************
 Defined at:
		line 22 in file "../src/interrupts.c"
 Parameters:    Size  Location     Type
		None
 Auto vars:     Size  Location     Type
		None
 Return value:  Size  Location     Type
                  2    0[BANK0 ] int 
 Registers used:
		wreg, status,2
 Tracked objects:
		On entry : 
		On exit  : 
		Unchanged: 
 Data sizes:     COMRAM   BANK0   BANK1   BANK2   BANK3   BANK4   BANK5   BANK6   BANK7   BANK8   BANK9  BANK10  BANK11  BANK12  BANK13  BANK14
      Params:         0       2       0       0       0       0       0       0       0       0       0       0       0       0       0       0
      Locals:         0       0       0       0       0       0       0       0       0       0       0       0       0       0       0       0
      Temps:          0       0       0       0       0       0       0       0       0       0       0       0       0       0       0       0
      Totals:         0       2       0       0       0       0       0       0       0       0       0       0       0       0       0       0
Total ram usage:        2 bytes
 Hardware stack levels used:    1
 This function calls:
		Nothing
 This function is called by:
		_SleepIfOkay
		i2_in_low_int
 This function uses a non-reentrant model


 *************** function i2_send_msg *****************
 Defined at:
		line 24 in file "../src/messages.c"
 Parameters:    Size  Location     Type
  send_msg        2   10[BANK0 ] PTR struct __msg_queue
		 -> FromMainHigh_MQ(54), FromMainLow_MQ(54), ToMainHigh_MQ(54), ToMainLow_MQ(54), 
  send_msg        1   12[BANK0 ] unsigned char 
  send_msg        1   13[BANK0 ] unsigned char 
  send_msg        2   14[BANK0 ] PTR void 
		 -> timer0_int_handler@val(2), NULL(0), i2c_int_handler@error_buf(3), main@t1thread_data(2), 
		 -> main@ic(28), main@uc(5), 
 Auto vars:     Size  Location     Type
  send_msg        2   20[BANK0 ] PTR struct __msg
		 -> FromMainHigh_MQ(54), FromMainLow_MQ(54), ToMainHigh_MQ(54), ToMainLow_MQ(54), 
  send_msg        2   17[BANK0 ] unsigned int 
  send_msg        1   19[BANK0 ] unsigned char 
 Return value:  Size  Location     Type
                  1    wreg      char 
 Registers used:
		wreg, fsr1l, fsr1h, fsr2l, fsr2h, status,2, status,0, prodl, prodh, cstack
 Tracked objects:
		On entry : 
		On exit  : 
		Unchanged: 
 Data sizes:     COMRAM   BANK0   BANK1   BANK2   BANK3   BANK4   BANK5   BANK6   BANK7   BANK8   BANK9  BANK10  BANK11  BANK12  BANK13  BANK14
      Params:         0       6       0       0       0       0       0       0       0       0       0       0       0       0       0       0
      Locals:         0       5       0       0       0       0       0       0       0       0       0       0       0       0       0       0
      Temps:          0       1       0       0       0       0       0       0       0       0       0       0       0       0       0       0
      Totals:         0      12       0       0       0       0       0       0       0       0       0       0       0       0       0       0
Total ram usage:       12 bytes
 Hardware stack levels used:    1
 Hardware stack levels required when called:    1
 This function calls:
		i2_memcpy
 This function is called by:
		_ToMainHigh_sendmsg
 This function uses a non-reentrant model


 *************** function i2_recv_msg *****************
 Defined at:
		line 63 in file "../src/messages.c"
 Parameters:    Size  Location     Type
  recv_msg        2   10[BANK0 ] PTR struct __msg_queue
		 -> FromMainHigh_MQ(54), FromMainLow_MQ(54), ToMainHigh_MQ(54), ToMainLow_MQ(54), 
  recv_msg        1   12[BANK0 ] unsigned char 
  recv_msg        2   13[BANK0 ] PTR unsigned char 
		 -> timer0_int_handler@msgtype(2), main@msgtype(1), 
  recv_msg        2   15[BANK0 ] PTR void 
		 -> timer0_int_handler@val(2), main@msgbuffer(11), 
 Auto vars:     Size  Location     Type
  recv_msg        2   22[BANK0 ] PTR struct __msg
		 -> FromMainHigh_MQ(54), FromMainLow_MQ(54), ToMainHigh_MQ(54), ToMainLow_MQ(54), 
  recv_msg        2   20[BANK0 ] unsigned int 
  recv_msg        1   19[BANK0 ] unsigned char 
 Return value:  Size  Location     Type
                  1    wreg      char 
 Registers used:
		wreg, fsr1l, fsr1h, fsr2l, fsr2h, status,2, status,0, prodl, prodh, cstack
 Tracked objects:
		On entry : 
		On exit  : 
		Unchanged: 
 Data sizes:     COMRAM   BANK0   BANK1   BANK2   BANK3   BANK4   BANK5   BANK6   BANK7   BANK8   BANK9  BANK10  BANK11  BANK12  BANK13  BANK14
      Params:         0       7       0       0       0       0       0       0       0       0       0       0       0       0       0       0
      Locals:         0       5       0       0       0       0       0       0       0       0       0       0       0       0       0       0
      Temps:          0       2       0       0       0       0       0       0       0       0       0       0       0       0       0       0
      Totals:         0      14       0       0       0       0       0       0       0       0       0       0       0       0       0       0
Total ram usage:       14 bytes
 Hardware stack levels used:    1
 Hardware stack levels required when called:    1
 This function calls:
		i2_memcpy
 This function is called by:
		_FromMainHigh_recvmsg
 This function uses a non-reentrant model


 *************** function i2_check_msg *****************
 Defined at:
		line 222 in file "../src/messages.c"
 Parameters:    Size  Location     Type
  check_msg       2    0[BANK0 ] PTR struct __msg_queue
		 -> ToMainHigh_MQ(54), ToMainLow_MQ(54), 
 Auto vars:     Size  Location     Type
		None
 Return value:  Size  Location     Type
                  1    wreg      unsigned char 
 Registers used:
		wreg, fsr2l, fsr2h, status,2, status,0, prodl, prodh
 Tracked objects:
		On entry : 
		On exit  : 
		Unchanged: 
 Data sizes:     COMRAM   BANK0   BANK1   BANK2   BANK3   BANK4   BANK5   BANK6   BANK7   BANK8   BANK9  BANK10  BANK11  BANK12  BANK13  BANK14
      Params:         0       2       0       0       0       0       0       0       0       0       0       0       0       0       0       0
      Locals:         0       0       0       0       0       0       0       0       0       0       0       0       0       0       0       0
      Temps:          0       1       0       0       0       0       0       0       0       0       0       0       0       0       0       0
      Totals:         0       3       0       0       0       0       0       0       0       0       0       0       0       0       0       0
Total ram usage:        3 bytes
 Hardware stack levels used:    1
 This function calls:
		Nothing
 This function is called by:
		_SleepIfOkay
 This function uses a non-reentrant model


 *************** function i2_memcpy *****************
 Defined at:
		line 13 in file "/Applications/microchip/xc8/v1.10/sources/memcpy.c"
 Parameters:    Size  Location     Type
  memcpy          2    0[BANK0 ] PTR void 
		 -> timer0_int_handler@val(2), FromMainHigh_MQ(54), FromMainLow_MQ(54), ToMainHigh_MQ(54), 
		 -> ToMainLow_MQ(54), main@msgbuffer(11), 
  memcpy          2    2[BANK0 ] PTR const void 
		 -> timer0_int_handler@val(2), NULL(0), i2c_int_handler@error_buf(3), FromMainHigh_MQ(54), 
		 -> FromMainLow_MQ(54), ToMainHigh_MQ(54), ToMainLow_MQ(54), main@t1thread_data(2), 
		 -> main@ic(28), main@uc(5), 
  memcpy          2    4[BANK0 ] unsigned int 
 Auto vars:     Size  Location     Type
  memcpy          2    8[BANK0 ] PTR const unsigned char 
		 -> timer0_int_handler@val(2), NULL(0), i2c_int_handler@error_buf(3), FromMainHigh_MQ(54), 
		 -> FromMainLow_MQ(54), ToMainHigh_MQ(54), ToMainLow_MQ(54), main@t1thread_data(2), 
		 -> main@ic(28), main@uc(5), 
  memcpy          2    6[BANK0 ] PTR unsigned char 
		 -> timer0_int_handler@val(2), FromMainHigh_MQ(54), FromMainLow_MQ(54), ToMainHigh_MQ(54), 
		 -> ToMainLow_MQ(54), main@msgbuffer(11), 
 Return value:  Size  Location     Type
                  2    0[BANK0 ] PTR void 
 Registers used:
		wreg, fsr1l, fsr1h, fsr2l, fsr2h, status,2, status,0
 Tracked objects:
		On entry : 
		On exit  : 
		Unchanged: 
 Data sizes:     COMRAM   BANK0   BANK1   BANK2   BANK3   BANK4   BANK5   BANK6   BANK7   BANK8   BANK9  BANK10  BANK11  BANK12  BANK13  BANK14
      Params:         0       6       0       0       0       0       0       0       0       0       0       0       0       0       0       0
      Locals:         0       4       0       0       0       0       0       0       0       0       0       0       0       0       0       0
      Temps:          0       0       0       0       0       0       0       0       0       0       0       0       0       0       0       0
      Totals:         0      10       0       0       0       0       0       0       0       0       0       0       0       0       0       0
Total ram usage:       10 bytes
 Hardware stack levels used:    1
 This function calls:
		Nothing
 This function is called by:
		i2_send_msg
		i2_recv_msg
 This function uses a non-reentrant model



MODULE INFORMATION

Module		Function		Class		Link	Load	Size
plib/Timers/t1open.c
		_OpenTimer1    		CODE           	1C60	0000	70

plib/Timers/t1open.c estimated size: 70

../src/user_interrupts.c
		_timer0_int_han		CODE           	134E	0000	200
		_timer1_int_han		CODE           	1B7A	0000	80

../src/user_interrupts.c estimated size: 280

plib/USART/u1open.c
		_Open1USART    		CODE           	16B8	0000	152

plib/USART/u1open.c estimated size: 152

../src/timer0_thread.c
		_timer0_lthread		CODE           	1F44	0000	10

../src/timer0_thread.c estimated size: 10

shared
		i1_send_msg    		CODE           	14CC	0000	178
		i2_send_msg    		CODE           	108E	0000	262
		i2_in_high_int 		CODE           	1EE8	0000	20
		i2_recv_msg    		CODE           	0D36	0000	320
		__initializatio		CODE           	1E36	0000	34
		i2_in_low_int  		CODE           	1A18	0000	94
		i1_memcpy      		CODE           	1C18	0000	72
		i2_memcpy      		CODE           	1B24	0000	86
		i2_check_msg   		CODE           	1D16	0000	56

shared estimated size: 1122

../src/my_i2c.c
		_start_i2c_slav		CODE           	0E76	0000	274
		_handle_start  		CODE           	1274	0000	218
		_i2c_configure_		CODE           	1E5E	0000	36
		_init_i2c      		CODE           	1958	0000	98
		_i2c_int_handle		CODE           	00C6	0000	1988

../src/my_i2c.c estimated size: 2614

../src/timer1_thread.c
		_timer1_lthread		CODE           	17DA	0000	134
		_init_timer1_lt		CODE           	1EFC	0000	18

../src/timer1_thread.c estimated size: 152

/Applications/microchip/xc8/v1.10/sources/lwmod.c
		___lwmod       		CODE           	157E	0000	160

/Applications/microchip/xc8/v1.10/sources/lwmod.c estimated size: 160

plib/Timers/t0write.c
		_WriteTimer0   		CODE           	1F32	0000	18

plib/Timers/t0write.c estimated size: 18

plib/Timers/t1write.c
		_WriteTimer1   		CODE           	1F20	0000	18

plib/Timers/t1write.c estimated size: 18

../src/uart_thread.c
		_uart_lthread  		CODE           	1BCA	0000	78

../src/uart_thread.c estimated size: 78

../common/d1ktcyx.c
		_Delay1KTCYx   		CODE           	1ED4	0000	20

../common/d1ktcyx.c estimated size: 20

../src/interrupts.c
		_enable_interru		CODE           	1F4E	0000	8
		_in_low_int    		CODE           	19BA	0000	94
		_in_main       		CODE           	1A76	0000	88
		_in_high_int   		CODE           	1EC0	0000	20
		_InterruptHandl		CODE           	0018	0000	170
		_InterruptHandl		CODE           	0008	0000	6098

../src/interrupts.c estimated size: 6478

plib/Timers/t1read.c
		_ReadTimer1    		CODE           	1F0E	0000	18

plib/Timers/t1read.c estimated size: 18

../src/my_uart.c
		_init_uart_recv		CODE           	1EA6	0000	26
		_uart_recv_int_		CODE           	1416	0000	182

../src/my_uart.c estimated size: 208

../src/messages.c
		_ToMainHigh_sen		CODE           	1E0A	0000	44
		_ToMainHigh_rec		CODE           	1D4E	0000	48
		_block_on_To_ms		CODE           	1194	0000	224
		_check_msg     		CODE           	1CA6	0000	56
		_ToMainLow_send		CODE           	1E82	0000	36
		_ToMainLow_recv		CODE           	1D7E	0000	48
		_FromMainHigh_s		CODE           	1DDE	0000	44
		_enter_sleep_mo		CODE           	1F56	0000	6
		_send_msg      		CODE           	0F88	0000	262
		_FromMainHigh_r		CODE           	1DAE	0000	48
		_init_queue    		CODE           	1860	0000	134
		_init_queues   		CODE           	18E6	0000	114
		_recv_msg      		CODE           	0BF6	0000	320
		_SleepIfOkay   		CODE           	161E	0000	154

../src/messages.c estimated size: 1538

/Applications/microchip/xc8/v1.10/sources/memcpy.c
		_memcpy        		CODE           	1ACE	0000	86

/Applications/microchip/xc8/v1.10/sources/memcpy.c estimated size: 86

plib/USART/u1read.c
		_Read1USART    		CODE           	1CDE	0000	56

plib/USART/u1read.c estimated size: 56

../src/main.c
		_main          		CODE           	088A	0000	876

../src/main.c estimated size: 876

